// Jest Snapshot v1, https://goo.gl/fbAQLP

exports[`Figure hasn't changed 1`] = `
<div
  id="content-figure"
  style={
    Object {
      "margin": "0 auto",
      "width": "100%",
    }
  }
>
  <figure>
    <a
      href="/static/45b26cc583de29f73117dce640a86d75/8a760/banner.jpg"
      rel="noreferrer"
      target="_blank"
    >
      <img
        alt=""
      />
    </a>
    <figcaption>
      Image from 
      <a
        href="foo.bar"
      >
        Foo Bar
      </a>
    </figcaption>
  </figure>
</div>
`;
