// Jest Snapshot v1, https://jestjs.io/docs/snapshot-testing

exports[`Default Layout hasn't changed 1`] = `
[
  <aside
    className="sidebar"
  >
    <header>
      <div
        className="about"
      >
        <div
          className="cover-author-image"
        >
          <a
            href="/"
          >
            <img
              alt="Test Author"
              className="author-image"
              src="/pic.jpg"
            />
          </a>
        </div>
        <div
          className="author-name"
        >
          Test Author
        </div>
        <p>
          I'm Mattsi, a software engineer / consultant / craftsman / tell-computers-what-to-do-guy.
        </p>
        <p>
          <a
            href="/bio"
          >
            About
          </a>
        </p>
        <p>
          <a
            href="/tags"
          >
            Tags
          </a>
        </p>
      </div>
      <nav
        className="sidebar-tags"
      >
        <h4>
          Tags
        </h4>
        <ul>
          <li>
            <a
              href="/tags/rust/"
            >
              Rust
               (
              5
              )
            </a>
          </li>
          <li>
            <a
              href="/tags/javascript/"
            >
              JavaScript
               (
              3
              )
            </a>
          </li>
        </ul>
      </nav>
    </header>
    <footer>
      <div
        className="genai-policy"
      >
        <h4>
          <a
            href="/bio#genai-policy"
          >
            🤖 GenAI policy
          </a>
        </h4>
      </div>
      <section
        className="contact"
      >
        <hr />
        <ul>
          <li>
            <a
              href="https://todon.eu/@mattsi"
              target="_blank"
            >
              <i
                aria-hidden="true"
                className="fa-brands fa-mastodon"
              />
            </a>
          </li>
          <li>
            <a
              href="https://github.com/test"
              target="_blank"
            >
              <i
                class="fa-brands fa-github"
              />
            </a>
          </li>
          <li>
            <a
              href="https://linkedin.com/in/test"
              target="_blank"
            >
              <i
                class="fa-brands fa-linkedin-in"
              />
            </a>
          </li>
          <li>
            <a
              href="mailto:test@test.com"
              target="_blank"
            >
              <i
                class="fa-solid fa-envelope"
              />
            </a>
          </li>
          <li>
            <a
              href="/rss.xml"
              target="_blank"
            >
              <i
                aria-hidden="true"
                className="fa fa-rss"
              />
            </a>
          </li>
        </ul>
      </section>
      <div
        className="sidebar-footer-message"
      >
        <p>
          Made with 
          <a
            href="https://www.gatsbyjs.org"
          >
            Gatsby
          </a>
           and
           
          <a
            href="https://github.com/wangonya/flexible-gatsby/"
          >
            Flexible
          </a>
        </p>
      </div>
    </footer>
  </aside>,
  <main
    className="clearfix"
  >
    test
  </main>,
]
`;
